{
  "_class": "page",
  "do_objectID": "pizza",
  "exportOptions": {
    "_class": "exportOptions",
    "exportFormats": [],
    "includedLayerIds": [],
    "layerOptions": 0,
    "shouldTrim": false
  },
  "isFlippedHorizontal": false,
  "isFlippedVertical": false,
  "isLocked": false,
  "isVisible": true,
  "layerListExpandedType": 0,
  "name": "page",
  "nameIsFixed": false,
  "resizingConstraint": 63,
  "resizingType": 0,
  "rotation": 0,
  "shouldBreakMaskChain": false,
  "layers": [
    {
      "_class": "artboard",
      "do_objectID": "pizza",
      "exportOptions": {
        "_class": "exportOptions",
        "exportFormats": [],
        "includedLayerIds": [],
        "layerOptions": 0,
        "shouldTrim": false
      },
      "isFlippedHorizontal": false,
      "isFlippedVertical": false,
      "isLocked": false,
      "isVisible": true,
      "layerListExpandedType": 0,
      "name": "artboard",
      "nameIsFixed": false,
      "resizingConstraint": 63,
      "resizingType": 0,
      "rotation": 0,
      "shouldBreakMaskChain": false,
      "layers": [
        {
          "_class": "group",
          "do_objectID": "pizza",
          "exportOptions": {
            "_class": "exportOptions",
            "exportFormats": [],
            "includedLayerIds": [],
            "layerOptions": 0,
            "shouldTrim": false
          },
          "isFlippedHorizontal": false,
          "isFlippedVertical": false,
          "isLocked": false,
          "isVisible": true,
          "layerListExpandedType": 0,
          "name": "(body)",
          "nameIsFixed": false,
          "resizingConstraint": 63,
          "resizingType": 0,
          "rotation": 0,
          "shouldBreakMaskChain": false,
          "layers": [
            {
              "_class": "group",
              "do_objectID": "pizza",
              "exportOptions": {
                "_class": "exportOptions",
                "exportFormats": [],
                "includedLayerIds": [],
                "layerOptions": 0,
                "shouldTrim": false
              },
              "isFlippedHorizontal": false,
              "isFlippedVertical": false,
              "isLocked": false,
              "isVisible": true,
              "layerListExpandedType": 0,
              "name": "(h2)",
              "nameIsFixed": false,
              "resizingConstraint": 63,
              "resizingType": 0,
              "rotation": 0,
              "shouldBreakMaskChain": false,
              "layers": [
                {
                  "_class": "text",
                  "do_objectID": "pizza",
                  "exportOptions": {
                    "_class": "exportOptions",
                    "exportFormats": [],
                    "includedLayerIds": [],
                    "layerOptions": 0,
                    "shouldTrim": false
                  },
                  "isFlippedHorizontal": false,
                  "isFlippedVertical": false,
                  "isLocked": false,
                  "isVisible": true,
                  "layerListExpandedType": 0,
                  "name": "Shadow DOM",
                  "nameIsFixed": false,
                  "resizingConstraint": 47,
                  "resizingType": 0,
                  "rotation": 0,
                  "shouldBreakMaskChain": false,
                  "clippingMaskMode": 0,
                  "hasClippingMask": false,
                  "style": {
                    "color": "rgb(0, 0, 0)",
                    "fontSize": 24,
                    "fontFamily": "Times New Roman",
                    "fontWeight": 700,
                    "textDecoration": "none",
                    "textAlign": "start",
                    "textTransform": "none"
                  },
                  "frame": {
                    "_class": "rect",
                    "constrainProportions": false,
                    "height": 26,
                    "width": 146,
                    "x": 0,
                    "y": 0
                  },
                  "text": "Shadow DOM",
                  "automaticallyDrawOnUnderlyingPath": false,
                  "dontSynchroniseWithSymbol": false,
                  "lineSpacingBehaviour": 2,
                  "textBehaviour": 0
                }
              ],
              "clippingMaskMode": 0,
              "hasClippingMask": false,
              "style": {
                "_class": "style",
                "fills": [],
                "borders": [],
                "shadows": [],
                "innerShadows": [],
                "endDecorationType": 0,
                "miterLimit": 10,
                "startDecorationType": 0,
                "contextSettings": {
                  "_class": "graphicsContextSettings",
                  "blendMode": 0,
                  "opacity": "1"
                }
              },
              "frame": {
                "_class": "rect",
                "constrainProportions": false,
                "height": 27,
                "width": 784,
                "x": 0,
                "y": 0
              },
              "hasClickThrough": false,
              "windingRule": 1
            },
            {
              "_class": "group",
              "do_objectID": "pizza",
              "exportOptions": {
                "_class": "exportOptions",
                "exportFormats": [],
                "includedLayerIds": [],
                "layerOptions": 0,
                "shouldTrim": false
              },
              "isFlippedHorizontal": false,
              "isFlippedVertical": false,
              "isLocked": false,
              "isVisible": true,
              "layerListExpandedType": 0,
              "name": "(test-el)",
              "nameIsFixed": false,
              "resizingConstraint": 63,
              "resizingType": 0,
              "rotation": 0,
              "shouldBreakMaskChain": false,
              "layers": [
                {
                  "_class": "text",
                  "do_objectID": "pizza",
                  "exportOptions": {
                    "_class": "exportOptions",
                    "exportFormats": [],
                    "includedLayerIds": [],
                    "layerOptions": 0,
                    "shouldTrim": false
                  },
                  "isFlippedHorizontal": false,
                  "isFlippedVertical": false,
                  "isLocked": false,
                  "isVisible": true,
                  "layerListExpandedType": 0,
                  "name": "Slotted content",
                  "nameIsFixed": false,
                  "resizingConstraint": 47,
                  "resizingType": 0,
                  "rotation": 0,
                  "shouldBreakMaskChain": false,
                  "clippingMaskMode": 0,
                  "hasClippingMask": false,
                  "style": {
                    "color": "rgb(0, 0, 0)",
                    "fontSize": 16,
                    "fontFamily": "Optimist",
                    "fontWeight": 400,
                    "textDecoration": "none",
                    "textAlign": "start",
                    "textTransform": "none"
                  },
                  "frame": {
                    "_class": "rect",
                    "constrainProportions": false,
                    "height": 17,
                    "width": 106,
                    "x": 149.3125,
                    "y": 69.4375
                  },
                  "text": "Slotted content",
                  "automaticallyDrawOnUnderlyingPath": false,
                  "dontSynchroniseWithSymbol": false,
                  "lineSpacingBehaviour": 2,
                  "textBehaviour": 0
                }
              ],
              "clippingMaskMode": 0,
              "hasClippingMask": false,
              "style": {
                "_class": "style",
                "fills": [],
                "borders": [],
                "shadows": [],
                "innerShadows": [],
                "endDecorationType": 0,
                "miterLimit": 10,
                "startDecorationType": 0,
                "contextSettings": {
                  "_class": "graphicsContextSettings",
                  "blendMode": 0,
                  "opacity": "1"
                }
              },
              "frame": {
                "_class": "rect",
                "constrainProportions": false,
                "height": 98.4375,
                "width": 784,
                "x": 0,
                "y": 48.4375
              },
              "hasClickThrough": false,
              "windingRule": 1
            },
            {
              "_class": "group",
              "do_objectID": "pizza",
              "exportOptions": {
                "_class": "exportOptions",
                "exportFormats": [],
                "includedLayerIds": [],
                "layerOptions": 0,
                "shouldTrim": false
              },
              "isFlippedHorizontal": false,
              "isFlippedVertical": false,
              "isLocked": false,
              "isVisible": true,
              "layerListExpandedType": 0,
              "name": "(h1)",
              "nameIsFixed": false,
              "resizingConstraint": 63,
              "resizingType": 0,
              "rotation": 0,
              "shouldBreakMaskChain": false,
              "layers": [
                {
                  "_class": "text",
                  "do_objectID": "pizza",
                  "exportOptions": {
                    "_class": "exportOptions",
                    "exportFormats": [],
                    "includedLayerIds": [],
                    "layerOptions": 0,
                    "shouldTrim": false
                  },
                  "isFlippedHorizontal": false,
                  "isFlippedVertical": false,
                  "isLocked": false,
                  "isVisible": true,
                  "layerListExpandedType": 0,
                  "name": "My custom button",
                  "nameIsFixed": false,
                  "resizingConstraint": 47,
                  "resizingType": 0,
                  "rotation": 0,
                  "shouldBreakMaskChain": false,
                  "clippingMaskMode": 0,
                  "hasClippingMask": false,
                  "style": {
                    "color": "rgb(0, 0, 0)",
                    "fontSize": 32,
                    "fontFamily": "Optimist",
                    "fontWeight": 700,
                    "textDecoration": "none",
                    "textAlign": "start",
                    "textTransform": "none"
                  },
                  "frame": {
                    "_class": "rect",
                    "constrainProportions": false,
                    "height": 36,
                    "width": 275,
                    "x": 0,
                    "y": 0
                  },
                  "text": "My custom button",
                  "automaticallyDrawOnUnderlyingPath": false,
                  "dontSynchroniseWithSymbol": false,
                  "lineSpacingBehaviour": 2,
                  "textBehaviour": 0
                }
              ],
              "clippingMaskMode": 0,
              "hasClippingMask": false,
              "style": {
                "_class": "style",
                "fills": [],
                "borders": [],
                "shadows": [],
                "innerShadows": [],
                "endDecorationType": 0,
                "miterLimit": 10,
                "startDecorationType": 0,
                "contextSettings": {
                  "_class": "graphicsContextSettings",
                  "blendMode": 0,
                  "opacity": "1"
                }
              },
              "frame": {
                "_class": "rect",
                "constrainProportions": false,
                "height": 37,
                "width": 784,
                "x": 0,
                "y": 48.4375
              },
              "hasClickThrough": false,
              "windingRule": 1
            },
            {
              "_class": "group",
              "do_objectID": "pizza",
              "exportOptions": {
                "_class": "exportOptions",
                "exportFormats": [],
                "includedLayerIds": [],
                "layerOptions": 0,
                "shouldTrim": false
              },
              "isFlippedHorizontal": false,
              "isFlippedVertical": false,
              "isLocked": false,
              "isVisible": true,
              "layerListExpandedType": 0,
              "name": "(button)",
              "nameIsFixed": false,
              "resizingConstraint": 63,
              "resizingType": 0,
              "rotation": 0,
              "shouldBreakMaskChain": false,
              "layers": [
                {
                  "_class": "shapeGroup",
                  "do_objectID": "pizza",
                  "exportOptions": {
                    "_class": "exportOptions",
                    "exportFormats": [],
                    "includedLayerIds": [],
                    "layerOptions": 0,
                    "shouldTrim": false
                  },
                  "isFlippedHorizontal": false,
                  "isFlippedVertical": false,
                  "isLocked": false,
                  "isVisible": true,
                  "layerListExpandedType": 0,
                  "name": "/button[1]",
                  "nameIsFixed": false,
                  "resizingConstraint": 63,
                  "resizingType": 0,
                  "rotation": 0,
                  "shouldBreakMaskChain": false,
                  "layers": [
                    {
                      "_class": "rectangle",
                      "do_objectID": "pizza",
                      "exportOptions": {
                        "_class": "exportOptions",
                        "exportFormats": [],
                        "includedLayerIds": [],
                        "layerOptions": 0,
                        "shouldTrim": false
                      },
                      "isFlippedHorizontal": false,
                      "isFlippedVertical": false,
                      "isLocked": false,
                      "isVisible": true,
                      "layerListExpandedType": 0,
                      "name": "rectangle",
                      "nameIsFixed": false,
                      "resizingConstraint": 63,
                      "resizingType": 0,
                      "rotation": 0,
                      "shouldBreakMaskChain": false,
                      "layers": [],
                      "clippingMaskMode": 0,
                      "hasClippingMask": false,
                      "frame": {
                        "_class": "rect",
                        "constrainProportions": false,
                        "height": 40,
                        "width": 267,
                        "x": 0,
                        "y": 0
                      },
                      "path": {
                        "_class": "path",
                        "isClosed": true,
                        "pointRadiusBehaviour": 1,
                        "points": [
                          {
                            "_class": "curvePoint",
                            "cornerRadius": 4,
                            "curveFrom": "{0, 0}",
                            "curveMode": 1,
                            "curveTo": "{0, 0}",
                            "hasCurveFrom": false,
                            "hasCurveTo": false,
                            "point": "{0, 0}"
                          },
                          {
                            "_class": "curvePoint",
                            "cornerRadius": 4,
                            "curveFrom": "{1, 0}",
                            "curveMode": 1,
                            "curveTo": "{1, 0}",
                            "hasCurveFrom": false,
                            "hasCurveTo": false,
                            "point": "{1, 0}"
                          },
                          {
                            "_class": "curvePoint",
                            "cornerRadius": 4,
                            "curveFrom": "{1, 1}",
                            "curveMode": 1,
                            "curveTo": "{1, 1}",
                            "hasCurveFrom": false,
                            "hasCurveTo": false,
                            "point": "{1, 1}"
                          },
                          {
                            "_class": "curvePoint",
                            "cornerRadius": 4,
                            "curveFrom": "{0, 1}",
                            "curveMode": 1,
                            "curveTo": "{0, 1}",
                            "hasCurveFrom": false,
                            "hasCurveTo": false,
                            "point": "{0, 1}"
                          }
                        ]
                      },
                      "hasConvertedToNewRoundCorners": true,
                      "fixedRadius": 0,
                      "edited": false,
                      "booleanOperation": -1
                    }
                  ],
                  "clippingMaskMode": 0,
                  "hasClippingMask": false,
                  "style": {
                    "_class": "style",
                    "fills": [
                      {
                        "_class": "fill",
                        "isEnabled": true,
                        "color": {
                          "_class": "color",
                          "red": 0.3254901960784314,
                          "green": 0.8117647058823529,
                          "blue": 0.5725490196078431,
                          "alpha": 1
                        },
                        "fillType": 0,
                        "noiseIndex": 0,
                        "noiseIntensity": 0,
                        "patternFillType": 1,
                        "patternTileScale": 1
                      }
                    ],
                    "borders": [
                      {
                        "_class": "border",
                        "isEnabled": true,
                        "color": {
                          "_class": "color",
                          "red": 0.8470588235294118,
                          "green": 0.8470588235294118,
                          "blue": 0.8470588235294118,
                          "alpha": 1
                        },
                        "fillType": 0,
                        "position": 1,
                        "thickness": 1
                      }
                    ],
                    "shadows": [],
                    "innerShadows": [],
                    "endDecorationType": 0,
                    "miterLimit": 10,
                    "startDecorationType": 0,
                    "contextSettings": {
                      "_class": "graphicsContextSettings",
                      "blendMode": 0,
                      "opacity": "1"
                    }
                  },
                  "frame": {
                    "_class": "rect",
                    "constrainProportions": false,
                    "height": 40,
                    "width": 267,
                    "x": 0,
                    "y": 0
                  },
                  "hasClickThrough": false,
                  "windingRule": 1
                },
                {
                  "_class": "text",
                  "do_objectID": "pizza",
                  "exportOptions": {
                    "_class": "exportOptions",
                    "exportFormats": [],
                    "includedLayerIds": [],
                    "layerOptions": 0,
                    "shouldTrim": false
                  },
                  "isFlippedHorizontal": false,
                  "isFlippedVertical": false,
                  "isLocked": false,
                  "isVisible": true,
                  "layerListExpandedType": 0,
                  "name": "Shadow content ->",
                  "nameIsFixed": false,
                  "resizingConstraint": 47,
                  "resizingType": 0,
                  "rotation": 0,
                  "shouldBreakMaskChain": false,
                  "clippingMaskMode": 0,
                  "hasClippingMask": false,
                  "style": {
                    "color": "rgb(255, 255, 255)",
                    "fontSize": 16,
                    "fontFamily": "Optimist",
                    "fontWeight": 400,
                    "textDecoration": "none",
                    "textAlign": "center",
                    "textTransform": "none"
                  },
                  "frame": {
                    "_class": "rect",
                    "constrainProportions": false,
                    "height": 17,
                    "width": 138,
                    "x": 11,
                    "y": 11
                  },
                  "text": "Shadow content ->",
                  "automaticallyDrawOnUnderlyingPath": false,
                  "dontSynchroniseWithSymbol": false,
                  "lineSpacingBehaviour": 2,
                  "textBehaviour": 0
                },
                {
                  "_class": "group",
                  "do_objectID": "pizza",
                  "exportOptions": {
                    "_class": "exportOptions",
                    "exportFormats": [],
                    "includedLayerIds": [],
                    "layerOptions": 0,
                    "shouldTrim": false
                  },
                  "isFlippedHorizontal": false,
                  "isFlippedVertical": false,
                  "isLocked": false,
                  "isVisible": true,
                  "layerListExpandedType": 0,
                  "name": "(slot)",
                  "nameIsFixed": false,
                  "resizingConstraint": 63,
                  "resizingType": 0,
                  "rotation": 0,
                  "shouldBreakMaskChain": false,
                  "layers": [],
                  "clippingMaskMode": 0,
                  "hasClippingMask": false,
                  "style": {
                    "_class": "style",
                    "fills": [],
                    "borders": [],
                    "shadows": [],
                    "innerShadows": [],
                    "endDecorationType": 0,
                    "miterLimit": 10,
                    "startDecorationType": 0,
                    "contextSettings": {
                      "_class": "graphicsContextSettings",
                      "blendMode": 0,
                      "opacity": "1"
                    }
                  },
                  "frame": {
                    "_class": "rect",
                    "constrainProportions": false,
                    "height": 0,
                    "width": 0,
                    "x": -8,
                    "y": -126.78125
                  },
                  "hasClickThrough": false,
                  "windingRule": 1
                }
              ],
              "clippingMaskMode": 0,
              "hasClippingMask": false,
              "style": {
                "_class": "style",
                "fills": [],
                "borders": [],
                "shadows": [],
                "innerShadows": [],
                "endDecorationType": 0,
                "miterLimit": 10,
                "startDecorationType": 0,
                "contextSettings": {
                  "_class": "graphicsContextSettings",
                  "blendMode": 0,
                  "opacity": "1"
                }
              },
              "frame": {
                "_class": "rect",
                "constrainProportions": false,
                "height": 40,
                "width": 267,
                "x": 0,
                "y": 106.875
              },
              "hasClickThrough": false,
              "windingRule": 1
            }
          ],
          "clippingMaskMode": 0,
          "hasClippingMask": false,
          "style": {
            "_class": "style",
            "fills": [],
            "borders": [],
            "shadows": [],
            "innerShadows": [],
            "endDecorationType": 0,
            "miterLimit": 10,
            "startDecorationType": 0,
            "contextSettings": {
              "_class": "graphicsContextSettings",
              "blendMode": 0,
              "opacity": "1"
            }
          },
          "frame": {
            "_class": "rect",
            "constrainProportions": false,
            "height": 146.875,
            "width": 784,
            "x": 8,
            "y": 19.90625
          },
          "hasClickThrough": false,
          "windingRule": 1
        }
      ],
      "clippingMaskMode": 0,
      "hasClippingMask": false,
      "frame": {
        "_class": "rect",
        "constrainProportions": false,
        "height": 146.875,
        "width": 784,
        "x": 0,
        "y": 0
      },
      "style": {
        "_class": "style",
        "endDecorationType": 0,
        "miterLimit": 10,
        "startDecorationType": 0
      },
      "horizontalRulerData": {
        "_class": "rulerData",
        "base": 0,
        "guides": []
      },
      "verticalRulerData": {
        "_class": "rulerData",
        "base": 0,
        "guides": []
      },
      "hasClickThrough": true,
      "includeInCloudUpload": true
    }
  ],
  "clippingMaskMode": 0,
  "hasClippingMask": false,
  "frame": {
    "_class": "rect",
    "constrainProportions": false,
    "height": 146.875,
    "width": 784,
    "x": 0,
    "y": 0
  },
  "style": {
    "_class": "style",
    "endDecorationType": 0,
    "miterLimit": 10,
    "startDecorationType": 0
  },
  "horizontalRulerData": {
    "_class": "rulerData",
    "base": 0,
    "guides": []
  },
  "verticalRulerData": {
    "_class": "rulerData",
    "base": 0,
    "guides": []
  },
  "hasClickThrough": true,
  "includeInCloudUpload": true
}