{
  "_class": "page",
  "do_objectID": "pizza",
  "exportOptions": {
    "_class": "exportOptions",
    "exportFormats": [],
    "includedLayerIds": [],
    "layerOptions": 0,
    "shouldTrim": false
  },
  "isFlippedHorizontal": false,
  "isFlippedVertical": false,
  "isLocked": false,
  "isVisible": true,
  "layerListExpandedType": 0,
  "name": "html-sketchapp - Text",
  "nameIsFixed": false,
  "resizingConstraint": 63,
  "resizingType": 0,
  "rotation": 0,
  "shouldBreakMaskChain": false,
  "layers": [
    {
      "_class": "text",
      "do_objectID": "pizza",
      "exportOptions": {
        "_class": "exportOptions",
        "exportFormats": [],
        "includedLayerIds": [],
        "layerOptions": 0,
        "shouldTrim": false
      },
      "isFlippedHorizontal": false,
      "isFlippedVertical": false,
      "isLocked": false,
      "isVisible": true,
      "layerListExpandedType": 0,
      "name": "Font seven",
      "nameIsFixed": false,
      "resizingConstraint": 47,
      "resizingType": 0,
      "rotation": 0,
      "shouldBreakMaskChain": false,
      "clippingMaskMode": 0,
      "hasClippingMask": false,
      "style": {
        "color": "rgb(0, 0, 0)",
        "fontSize": 16,
        "fontFamily": "Times New Roman",
        "fontWeight": 400,
        "textDecoration": "none",
        "textAlign": "right",
        "textTransform": "none"
      },
      "frame": {
        "_class": "rect",
        "constrainProportions": false,
        "height": 17,
        "width": 69,
        "x": 722.21875,
        "y": 270
      },
      "text": "Font seven",
      "automaticallyDrawOnUnderlyingPath": false,
      "dontSynchroniseWithSymbol": false,
      "lineSpacingBehaviour": 2,
      "textBehaviour": 0
    },
    {
      "_class": "text",
      "do_objectID": "pizza",
      "exportOptions": {
        "_class": "exportOptions",
        "exportFormats": [],
        "includedLayerIds": [],
        "layerOptions": 0,
        "shouldTrim": false
      },
      "isFlippedHorizontal": false,
      "isFlippedVertical": false,
      "isLocked": false,
      "isVisible": true,
      "layerListExpandedType": 0,
      "name": "Font six",
      "nameIsFixed": false,
      "resizingConstraint": 47,
      "resizingType": 0,
      "rotation": 0,
      "shouldBreakMaskChain": false,
      "clippingMaskMode": 0,
      "hasClippingMask": false,
      "style": {
        "color": "rgb(0, 0, 0)",
        "fontSize": 16,
        "fontFamily": "Times New Roman",
        "fontWeight": 400,
        "textDecoration": "line-through",
        "textAlign": "start",
        "textTransform": "none"
      },
      "frame": {
        "_class": "rect",
        "constrainProportions": false,
        "height": 17,
        "width": 52,
        "x": 8,
        "y": 236
      },
      "text": "Font six",
      "automaticallyDrawOnUnderlyingPath": false,
      "dontSynchroniseWithSymbol": false,
      "lineSpacingBehaviour": 2,
      "textBehaviour": 0
    },
    {
      "_class": "text",
      "do_objectID": "pizza",
      "exportOptions": {
        "_class": "exportOptions",
        "exportFormats": [],
        "includedLayerIds": [],
        "layerOptions": 0,
        "shouldTrim": false
      },
      "isFlippedHorizontal": false,
      "isFlippedVertical": false,
      "isLocked": false,
      "isVisible": true,
      "layerListExpandedType": 0,
      "name": "Font five",
      "nameIsFixed": false,
      "resizingConstraint": 47,
      "resizingType": 0,
      "rotation": 0,
      "shouldBreakMaskChain": false,
      "clippingMaskMode": 0,
      "hasClippingMask": false,
      "style": {
        "color": "rgb(0, 0, 0)",
        "fontSize": 16,
        "fontFamily": "Times New Roman",
        "fontWeight": 400,
        "textDecoration": "underline",
        "textAlign": "start",
        "textTransform": "none"
      },
      "frame": {
        "_class": "rect",
        "constrainProportions": false,
        "height": 17,
        "width": 58,
        "x": 8,
        "y": 202
      },
      "text": "Font five",
      "automaticallyDrawOnUnderlyingPath": false,
      "dontSynchroniseWithSymbol": false,
      "lineSpacingBehaviour": 2,
      "textBehaviour": 0
    },
    {
      "_class": "text",
      "do_objectID": "pizza",
      "exportOptions": {
        "_class": "exportOptions",
        "exportFormats": [],
        "includedLayerIds": [],
        "layerOptions": 0,
        "shouldTrim": false
      },
      "isFlippedHorizontal": false,
      "isFlippedVertical": false,
      "isLocked": false,
      "isVisible": true,
      "layerListExpandedType": 0,
      "name": "Font four",
      "nameIsFixed": false,
      "resizingConstraint": 47,
      "resizingType": 0,
      "rotation": 0,
      "shouldBreakMaskChain": false,
      "clippingMaskMode": 0,
      "hasClippingMask": false,
      "style": {
        "color": "rgb(0, 0, 0)",
        "fontSize": 16,
        "fontFamily": "Times New Roman",
        "fontWeight": 400,
        "textDecoration": "none",
        "textAlign": "center",
        "textTransform": "uppercase"
      },
      "frame": {
        "_class": "rect",
        "constrainProportions": false,
        "height": 17,
        "width": 88,
        "x": 355.90625,
        "y": 168
      },
      "text": "Font four",
      "automaticallyDrawOnUnderlyingPath": false,
      "dontSynchroniseWithSymbol": false,
      "lineSpacingBehaviour": 2,
      "textBehaviour": 0
    },
    {
      "_class": "text",
      "do_objectID": "pizza",
      "exportOptions": {
        "_class": "exportOptions",
        "exportFormats": [],
        "includedLayerIds": [],
        "layerOptions": 0,
        "shouldTrim": false
      },
      "isFlippedHorizontal": false,
      "isFlippedVertical": false,
      "isLocked": false,
      "isVisible": true,
      "layerListExpandedType": 0,
      "name": "Font three",
      "nameIsFixed": false,
      "resizingConstraint": 47,
      "resizingType": 0,
      "rotation": 0,
      "shouldBreakMaskChain": false,
      "clippingMaskMode": 0,
      "hasClippingMask": false,
      "style": {
        "color": "rgb(0, 0, 255)",
        "fontSize": 30,
        "fontFamily": "Times New Roman",
        "fontWeight": 400,
        "lineHeight": 40,
        "textDecoration": "none",
        "textAlign": "start",
        "textTransform": "none"
      },
      "frame": {
        "_class": "rect",
        "constrainProportions": false,
        "height": 33,
        "width": 122,
        "x": 8,
        "y": 97.5
      },
      "text": "Font three",
      "automaticallyDrawOnUnderlyingPath": false,
      "dontSynchroniseWithSymbol": false,
      "lineSpacingBehaviour": 2,
      "textBehaviour": 0
    },
    {
      "_class": "text",
      "do_objectID": "pizza",
      "exportOptions": {
        "_class": "exportOptions",
        "exportFormats": [],
        "includedLayerIds": [],
        "layerOptions": 0,
        "shouldTrim": false
      },
      "isFlippedHorizontal": false,
      "isFlippedVertical": false,
      "isLocked": false,
      "isVisible": true,
      "layerListExpandedType": 0,
      "name": "Font two",
      "nameIsFixed": false,
      "resizingConstraint": 47,
      "resizingType": 0,
      "rotation": 0,
      "shouldBreakMaskChain": false,
      "clippingMaskMode": 0,
      "hasClippingMask": false,
      "style": {
        "color": "rgb(0, 128, 0)",
        "fontSize": 16,
        "fontFamily": "Times New Roman",
        "fontWeight": 400,
        "textDecoration": "none",
        "textAlign": "start",
        "letterSpacing": 20,
        "textTransform": "none"
      },
      "frame": {
        "_class": "rect",
        "constrainProportions": false,
        "height": 17,
        "width": 217,
        "x": 8,
        "y": 50
      },
      "text": "Font two",
      "automaticallyDrawOnUnderlyingPath": false,
      "dontSynchroniseWithSymbol": false,
      "lineSpacingBehaviour": 2,
      "textBehaviour": 0
    },
    {
      "_class": "text",
      "do_objectID": "pizza",
      "exportOptions": {
        "_class": "exportOptions",
        "exportFormats": [],
        "includedLayerIds": [],
        "layerOptions": 0,
        "shouldTrim": false
      },
      "isFlippedHorizontal": false,
      "isFlippedVertical": false,
      "isLocked": false,
      "isVisible": true,
      "layerListExpandedType": 0,
      "name": "Font one",
      "nameIsFixed": false,
      "resizingConstraint": 47,
      "resizingType": 0,
      "rotation": 0,
      "shouldBreakMaskChain": false,
      "clippingMaskMode": 0,
      "hasClippingMask": false,
      "style": {
        "color": "rgb(255, 0, 0)",
        "fontSize": 16,
        "fontFamily": "CourierNew",
        "fontWeight": 400,
        "textDecoration": "none",
        "textAlign": "start",
        "textTransform": "none"
      },
      "frame": {
        "_class": "rect",
        "constrainProportions": false,
        "height": 17,
        "width": 56,
        "x": 8,
        "y": 16
      },
      "text": "Font one",
      "automaticallyDrawOnUnderlyingPath": false,
      "dontSynchroniseWithSymbol": false,
      "lineSpacingBehaviour": 2,
      "textBehaviour": 0
    }
  ],
  "clippingMaskMode": 0,
  "hasClippingMask": false,
  "frame": {
    "_class": "rect",
    "constrainProportions": false,
    "height": 272,
    "width": 784,
    "x": 0,
    "y": 0
  },
  "style": {
    "_class": "style",
    "endDecorationType": 0,
    "miterLimit": 10,
    "startDecorationType": 0
  },
  "horizontalRulerData": {
    "_class": "rulerData",
    "base": 0,
    "guides": []
  },
  "verticalRulerData": {
    "_class": "rulerData",
    "base": 0,
    "guides": []
  },
  "hasClickThrough": true,
  "includeInCloudUpload": true
}
