{
  "_class": "page",
  "do_objectID": "pizza",
  "exportOptions": {
    "_class": "exportOptions",
    "exportFormats": [],
    "includedLayerIds": [],
    "layerOptions": 0,
    "shouldTrim": false
  },
  "isFlippedHorizontal": false,
  "isFlippedVertical": false,
  "isLocked": false,
  "isVisible": true,
  "layerListExpandedType": 0,
  "name": "html-sketchapp — White-Space",
  "nameIsFixed": false,
  "resizingConstraint": 63,
  "resizingType": 0,
  "rotation": 0,
  "shouldBreakMaskChain": false,
  "layers": [
    {
      "_class": "text",
      "do_objectID": "pizza",
      "exportOptions": {
        "_class": "exportOptions",
        "exportFormats": [],
        "includedLayerIds": [],
        "layerOptions": 0,
        "shouldTrim": false
      },
      "isFlippedHorizontal": false,
      "isFlippedVertical": false,
      "isLocked": false,
      "isVisible": true,
      "layerListExpandedType": 0,
      "name": "pre-line text\n",
      "nameIsFixed": false,
      "resizingConstraint": 47,
      "resizingType": 0,
      "rotation": 0,
      "shouldBreakMaskChain": false,
      "clippingMaskMode": 0,
      "hasClippingMask": false,
      "style": {
        "color": "rgb(0, 0, 0)",
        "fontSize": 16,
        "fontFamily": "Times New Roman",
        "fontWeight": 400,
        "textDecoration": "none",
        "textAlign": "start",
        "textTransform": "none"
      },
      "frame": {
        "_class": "rect",
        "constrainProportions": false,
        "height": 17,
        "width": 77,
        "x": 8,
        "y": 141
      },
      "text": "pre-line text\n",
      "automaticallyDrawOnUnderlyingPath": false,
      "dontSynchroniseWithSymbol": false,
      "lineSpacingBehaviour": 2,
      "textBehaviour": 1
    },
    {
      "_class": "text",
      "do_objectID": "pizza",
      "exportOptions": {
        "_class": "exportOptions",
        "exportFormats": [],
        "includedLayerIds": [],
        "layerOptions": 0,
        "shouldTrim": false
      },
      "isFlippedHorizontal": false,
      "isFlippedVertical": false,
      "isLocked": false,
      "isVisible": true,
      "layerListExpandedType": 0,
      "name": "    pre \n\n\n    text \n  ",
      "nameIsFixed": false,
      "resizingConstraint": 47,
      "resizingType": 0,
      "rotation": 0,
      "shouldBreakMaskChain": false,
      "clippingMaskMode": 0,
      "hasClippingMask": false,
      "style": {
        "color": "rgb(0, 0, 0)",
        "fontSize": 13,
        "fontFamily": "monospace",
        "fontWeight": 400,
        "textDecoration": "none",
        "textAlign": "start",
        "textTransform": "none"
      },
      "frame": {
        "_class": "rect",
        "constrainProportions": false,
        "height": 75,
        "width": 70,
        "x": 8,
        "y": 50
      },
      "text": "    pre \n\n\n    text \n  ",
      "automaticallyDrawOnUnderlyingPath": false,
      "dontSynchroniseWithSymbol": false,
      "lineSpacingBehaviour": 2,
      "textBehaviour": 1
    },
    {
      "_class": "text",
      "do_objectID": "pizza",
      "exportOptions": {
        "_class": "exportOptions",
        "exportFormats": [],
        "includedLayerIds": [],
        "layerOptions": 0,
        "shouldTrim": false
      },
      "isFlippedHorizontal": false,
      "isFlippedVertical": false,
      "isLocked": false,
      "isVisible": true,
      "layerListExpandedType": 0,
      "name": "Default text !!",
      "nameIsFixed": false,
      "resizingConstraint": 47,
      "resizingType": 0,
      "rotation": 0,
      "shouldBreakMaskChain": false,
      "clippingMaskMode": 0,
      "hasClippingMask": false,
      "style": {
        "color": "rgb(0, 0, 0)",
        "fontSize": 16,
        "fontFamily": "Times New Roman",
        "fontWeight": 400,
        "textDecoration": "none",
        "textAlign": "start",
        "textTransform": "none"
      },
      "frame": {
        "_class": "rect",
        "constrainProportions": false,
        "height": 17,
        "width": 90,
        "x": 8,
        "y": 16
      },
      "text": "Default text !!",
      "automaticallyDrawOnUnderlyingPath": false,
      "dontSynchroniseWithSymbol": false,
      "lineSpacingBehaviour": 2,
      "textBehaviour": 0
    }
  ],
  "clippingMaskMode": 0,
  "hasClippingMask": false,
  "frame": {
    "_class": "rect",
    "constrainProportions": false,
    "height": 143,
    "width": 784,
    "x": 0,
    "y": 0
  },
  "style": {
    "_class": "style",
    "endDecorationType": 0,
    "miterLimit": 10,
    "startDecorationType": 0
  },
  "horizontalRulerData": {
    "_class": "rulerData",
    "base": 0,
    "guides": []
  },
  "verticalRulerData": {
    "_class": "rulerData",
    "base": 0,
    "guides": []
  },
  "hasClickThrough": true,
  "includeInCloudUpload": true
}